<?xml version="1.0" encoding="UTF-8"?>
<testsuites>
    <testsuite name="imdb-search;search-for-a-movie-using-&quot;chevy-chase&quot;" tests="4" failures="0" skipped="0">
        <properties>
            <property name="URI" value="/Users/lisa/Desktop/JavaScript-kurs/Princesscake/features/imdb_search.feature">
            </property>
        </properties>
        <testcase name="Given that I am on the IMDB website" classname="imdb-search;search-for-a-movie-using-&quot;chevy-chase&quot;" time="8.829426444">
        </testcase>
        <testcase name="When I enter &quot;Chevy Chase&quot; in a search field" classname="imdb-search;search-for-a-movie-using-&quot;chevy-chase&quot;" time="1.101082058">
        </testcase>
        <testcase name="And I click the search button" classname="imdb-search;search-for-a-movie-using-&quot;chevy-chase&quot;" time="3.714621514">
        </testcase>
        <testcase name="Then I find the corresponding &quot;Chevy Chase&quot; in the search results" classname="imdb-search;search-for-a-movie-using-&quot;chevy-chase&quot;" time="1.113148298">
        </testcase>
    </testsuite>
    <testsuite name="imdb-search;search-for-a-movie-using-&quot;colin-firth&quot;-with-down-button-and-enter-key" tests="5" failures="0" skipped="0">
        <properties>
            <property name="URI" value="/Users/lisa/Desktop/JavaScript-kurs/Princesscake/features/imdb_search.feature">
            </property>
        </properties>
        <testcase name="Given that I am on the IMDB website" classname="imdb-search;search-for-a-movie-using-&quot;colin-firth&quot;-with-down-button-and-enter-key" time="8.850061437">
        </testcase>
        <testcase name="When I enter &quot;Colin Firth&quot; in a search field" classname="imdb-search;search-for-a-movie-using-&quot;colin-firth&quot;-with-down-button-and-enter-key" time="1.102366335">
        </testcase>
        <testcase name="And I press down button" classname="imdb-search;search-for-a-movie-using-&quot;colin-firth&quot;-with-down-button-and-enter-key" time="1.034180614">
        </testcase>
        <testcase name="And I press enter" classname="imdb-search;search-for-a-movie-using-&quot;colin-firth&quot;-with-down-button-and-enter-key" time="5.013520774">
        </testcase>
        <testcase name="Then I get a presentation of the actor that contains the text &quot;Colin Andrew Firth was born into an academic family in Grayshott&quot;" classname="imdb-search;search-for-a-movie-using-&quot;colin-firth&quot;-with-down-button-and-enter-key" time="0.135626618">
        </testcase>
    </testsuite>
    <testsuite name="imdb-search;search-for-a-movie-or-actor-with-the-help-of-&lt;search_filter&gt;" tests="5" failures="0" skipped="0">
        <properties>
            <property name="URI" value="/Users/lisa/Desktop/JavaScript-kurs/Princesscake/features/imdb_search.feature">
            </property>
        </properties>
        <testcase name="Given that I am on the IMDB website" classname="imdb-search;search-for-a-movie-or-actor-with-the-help-of-&lt;search_filter&gt;" time="7.941409966">
        </testcase>
        <testcase name="When I click on search filter button" classname="imdb-search;search-for-a-movie-or-actor-with-the-help-of-&lt;search_filter&gt;" time="0.261014562">
        </testcase>
        <testcase name="And I find different search filters to choose from" classname="imdb-search;search-for-a-movie-or-actor-with-the-help-of-&lt;search_filter&gt;" time="0.000107479">
        </testcase>
        <testcase name="And I click on All" classname="imdb-search;search-for-a-movie-or-actor-with-the-help-of-&lt;search_filter&gt;" time="0.265710967">
        </testcase>
        <testcase name="Then I can find an empty search field with corresponding search filter." classname="imdb-search;search-for-a-movie-or-actor-with-the-help-of-&lt;search_filter&gt;" time="0.007896297">
        </testcase>
    </testsuite>
</testsuites>